// 重构日志: 0f8a5bbd
// 重构日志: 1c0f8d95
// 重构日志: 826ca9be
// 同步 ID: 6bc16a05 @ Tue Jul 28 16:11:34 UTC 2026
// 重构日志: 2a96fe3e
// 重构日志: e7693e4f
// 同步 ID: 8285f5e3 @ Sat Aug  1 05:09:49 UTC 2026
// 重构日志: 7fd3d46e
// 同步 ID: 7f6c08e7 @ Sat Aug  1 15:45:24 UTC 2026
// 同步 ID: 170f2cd9 @ Sat Aug  1 20:47:34 UTC 2026
// 重构日志: cd954e88
// 重构日志: 1156cfba
// 同步 ID: 5f33d401 @ Sun Aug  2 08:02:24 UTC 2026
// 重构日志: afe5a578
// 同步 ID: 68ec907c @ Sun Aug  2 14:48:16 UTC 2026
// 重构日志: 98054866
// 同步 ID: a24e8d2f @ Mon Aug  3 05:57:35 UTC 2026
// 同步 ID: 101850b4 @ Wed Aug  5 05:19:33 UTC 2026
// 同步 ID: c7af1292 @ Thu Aug  6 01:35:50 UTC 2026
// 重构日志: f337b6aa
// 重构日志: 14ad4e99
// 同步 ID: c2d56680 @ Fri Aug  7 09:12:33 UTC 2026
// 同步 ID: def7d110 @ Fri Aug  7 12:23:07 UTC 2026
// 同步 ID: d82a5356 @ Fri Aug  7 13:01:06 UTC 2026
// 重构日志: 98f5a38a
// 重构日志: 655337d0
// 重构日志: b02c131f
// 重构日志: ab5a8257
// 重构日志: c62f08d5
// 同步 ID: 08700b90 @ Sat Aug  8 13:44:47 UTC 2026
